LAMMPS (29 Oct 2020)
Reading data file ...
  orthogonal box = (0.0000000 0.0000000 0.0000000) to (1.0000000 1.0000000 1.0000000)
  1 by 1 by 1 MPI processor grid
  reading atoms ...
  1000 atoms
  read_data CPU = 0.003 seconds
ERROR: Incorrect args for pair coefficients (../pair_meamc.cpp:212)
Last command:   pair_coeff      * *  ${pairCoeffArgs} #library_CoNiCrFeMn.meam Co Ni Cr Fe Mn parameters.meam Co Ni Cr Fe Mn
